       |/**
       | * onyx-log: the generic, fast, multithreading logging library.
       | *
       | * User interface to work with logging.
       | *
       | * Copyright: © 2015 onyx-itdevelopment
       | *
       | * License: MIT license. License terms written in "LICENSE.txt" file
       | *
       | * Authors: Oleg Nykytenko (onyx), onyx.itdevelopment@gmail.com
       | *
       | * Version: 0.xx
       | *
       | * Date: 20.03.2015
       | */
       |module onyx.log;
       |
       |
       |import onyx.bundle;
       |import onyx.core.logger;
       |
       |
       |@safe:
       |
       |
       |/**
       | * Create loggers
       | *
       | * Throws: BundleException, LogCreateException
       | */
       |void createLoggers(immutable Bundle bundle)
       |{
0000000|        create(bundle);
       |}
       |
       |
       |/**
       | * Get created logger interface to work with it
       | *
       | * Throws: LogException
       | */
       |Log getLogger(immutable string loggerName)
       |{
0000000|        return get(loggerName);
       |}
       |
       |
       |/**
       | * Delete logger
       | *
       | * Throws: Exception
       | */
       |void deleteLogger(immutable string loggerName)
       |{
0000000|        delete_([loggerName]);
       |}
       |
       |
       |
       |/**
       | * Delete loggers
       | *
       | * Throws: Exception
       | */
       |void deleteLoggers(immutable string[] loggerNames)
       |{
0000000|        delete_(loggerNames);
       |}
       |
       |
       |/**
       | * Set path to file for save loggers exception information
       | *
       | * Throws: Exception
       | */
       |void setErrFile(immutable string file)
       |{
0000000|        setErrorFile(file);
       |}
       |
       |
       |/**
       | * User interface to work with logger.
       | */
       |interface Log
       |{
       |
       |        /**
       |         * Logger's name
       |         */
       |        immutable (string) name();
       |
       |
       |        /**
       |         * Configurations data
       |         */
       |        immutable (Bundle) config();
       |
       |
       |        /**
       |         * Logger's level
       |         */
       |        immutable (string) level();
       |
       | 
       |        /**
       |         * Write message to logger
       |         */
       |        void debug_(lazy const string msg) nothrow;
       |        void info(lazy const string msg) nothrow;
       |        void warning(lazy const string msg) nothrow;
       |        void error(lazy const string msg) nothrow;
       |        void critical(lazy const string msg) nothrow;
       |        void fatal(lazy const string msg) nothrow;
       |}
       |
       |
       |
       |/**
       | * Logger exception
       | */
       |class LogException:Exception 
       |{
0000000|        @safe pure nothrow this(string exString)
       |        {
0000000|                super(exString);
       |        }
       |}
       |
       |
       |/**
       | * Log creation exception
       | */
       |class LogCreateException:LogException
       |{
0000000|        @safe pure nothrow this(string exString)
       |        {
0000000|                super(exString); 
       |        }
       |}
       |
       |
       |
       |@trusted:
       |unittest
       |{
       |        auto bundle = new immutable Bundle("./test/test.conf");
       |        createLoggers(bundle);
       |        setErrorFile("./log/error.log");
       |
       |//      auto log = getLogger("ErrorLogger");
       |//      log.info("info msg");
       |//      log.error("error msg");
       |        
       |        version(vTestFile)
       |        {
       |//              auto log1 = getLogger("MainLogger");
       |//              log1.debug_("debug msg");
       |//              log1.info("info msg");
       |//              log1.error("error msg");
       |
       |                auto log2 = getLogger("DebugLogger");
       |                log2.debug_("debug msg");
       |                log2.info("info msg");
       |                log2.error("error!!!!!! msg");
       |        }
       |}
..\..\..\..\AppData\Roaming\dub\packages\onyx-log-1.2.1-rc3\onyx-log\source\onyx\log.d is 0% covered
